Archive member included to satisfy reference by file (symbol)

c:/program files (x86)/atmel/studio/7.0/toolchain/avr8/avr8-gnu-toolchain/bin/../lib/gcc/avr/5.4.0/../../../../avr/lib/avr5\libm.a(fixunssfsi.o)
                              lib/adc_hal.o (__fixunssfsi)
c:/program files (x86)/atmel/studio/7.0/toolchain/avr8/avr8-gnu-toolchain/bin/../lib/gcc/avr/5.4.0/../../../../avr/lib/avr5\libm.a(floatsisf.o)
                              lib/adc_hal.o (__floatunsisf)
c:/program files (x86)/atmel/studio/7.0/toolchain/avr8/avr8-gnu-toolchain/bin/../lib/gcc/avr/5.4.0/../../../../avr/lib/avr5\libm.a(fp_split3.o)
                              c:/program files (x86)/atmel/studio/7.0/toolchain/avr8/avr8-gnu-toolchain/bin/../lib/gcc/avr/5.4.0/../../../../avr/lib/avr5\libm.a(fixunssfsi.o) (__fp_splitA)
c:/program files (x86)/atmel/studio/7.0/toolchain/avr8/avr8-gnu-toolchain/bin/../lib/gcc/avr/5.4.0/../../../../avr/lib/avr5\libm.a(fp_zero.o)
                              c:/program files (x86)/atmel/studio/7.0/toolchain/avr8/avr8-gnu-toolchain/bin/../lib/gcc/avr/5.4.0/../../../../avr/lib/avr5\libm.a(fixunssfsi.o) (__fp_zero)
c:/program files (x86)/atmel/studio/7.0/toolchain/avr8/avr8-gnu-toolchain/bin/../lib/gcc/avr/5.4.0/../../../../avr/lib/avr5\libm.a(mulsf3.o)
                              lib/adc_hal.o (__mulsf3)
c:/program files (x86)/atmel/studio/7.0/toolchain/avr8/avr8-gnu-toolchain/bin/../lib/gcc/avr/5.4.0/../../../../avr/lib/avr5\libm.a(mulsf3x.o)
                              c:/program files (x86)/atmel/studio/7.0/toolchain/avr8/avr8-gnu-toolchain/bin/../lib/gcc/avr/5.4.0/../../../../avr/lib/avr5\libm.a(mulsf3.o) (__mulsf3x)
c:/program files (x86)/atmel/studio/7.0/toolchain/avr8/avr8-gnu-toolchain/bin/../lib/gcc/avr/5.4.0/../../../../avr/lib/avr5\libm.a(fp_inf.o)
                              c:/program files (x86)/atmel/studio/7.0/toolchain/avr8/avr8-gnu-toolchain/bin/../lib/gcc/avr/5.4.0/../../../../avr/lib/avr5\libm.a(mulsf3x.o) (__fp_inf)
c:/program files (x86)/atmel/studio/7.0/toolchain/avr8/avr8-gnu-toolchain/bin/../lib/gcc/avr/5.4.0/../../../../avr/lib/avr5\libm.a(fp_nan.o)
                              c:/program files (x86)/atmel/studio/7.0/toolchain/avr8/avr8-gnu-toolchain/bin/../lib/gcc/avr/5.4.0/../../../../avr/lib/avr5\libm.a(mulsf3x.o) (__fp_nan)
c:/program files (x86)/atmel/studio/7.0/toolchain/avr8/avr8-gnu-toolchain/bin/../lib/gcc/avr/5.4.0/../../../../avr/lib/avr5\libm.a(fp_pscA.o)
                              c:/program files (x86)/atmel/studio/7.0/toolchain/avr8/avr8-gnu-toolchain/bin/../lib/gcc/avr/5.4.0/../../../../avr/lib/avr5\libm.a(mulsf3x.o) (__fp_pscA)
c:/program files (x86)/atmel/studio/7.0/toolchain/avr8/avr8-gnu-toolchain/bin/../lib/gcc/avr/5.4.0/../../../../avr/lib/avr5\libm.a(fp_pscB.o)
                              c:/program files (x86)/atmel/studio/7.0/toolchain/avr8/avr8-gnu-toolchain/bin/../lib/gcc/avr/5.4.0/../../../../avr/lib/avr5\libm.a(mulsf3x.o) (__fp_pscB)
c:/program files (x86)/atmel/studio/7.0/toolchain/avr8/avr8-gnu-toolchain/bin/../lib/gcc/avr/5.4.0/../../../../avr/lib/avr5\libm.a(fp_round.o)
                              c:/program files (x86)/atmel/studio/7.0/toolchain/avr8/avr8-gnu-toolchain/bin/../lib/gcc/avr/5.4.0/../../../../avr/lib/avr5\libm.a(mulsf3.o) (__fp_round)
c:/program files (x86)/atmel/studio/7.0/toolchain/avr8/avr8-gnu-toolchain/bin/../lib/gcc/avr/5.4.0/../../../../avr/lib/avr5\libprintf_flt.a(vfprintf_flt.o)
                              (vfprintf)
c:/program files (x86)/atmel/studio/7.0/toolchain/avr8/avr8-gnu-toolchain/bin/../lib/gcc/avr/5.4.0/avr5\libgcc.a(_mulsi3.o)
                              csrc/u8g2_circle.o (__mulsi3)
c:/program files (x86)/atmel/studio/7.0/toolchain/avr8/avr8-gnu-toolchain/bin/../lib/gcc/avr/5.4.0/avr5\libgcc.a(_udivmodhi4.o)
                              csrc/u8g2_selection_list.o (__udivmodhi4)
c:/program files (x86)/atmel/studio/7.0/toolchain/avr8/avr8-gnu-toolchain/bin/../lib/gcc/avr/5.4.0/avr5\libgcc.a(_divmodhi4.o)
                              csrc/u8g2_polygon.o (__divmodhi4)
c:/program files (x86)/atmel/studio/7.0/toolchain/avr8/avr8-gnu-toolchain/bin/../lib/gcc/avr/5.4.0/avr5\libgcc.a(_udivmodsi4.o)
                              lib/adc_hal.o (__udivmodsi4)
c:/program files (x86)/atmel/studio/7.0/toolchain/avr8/avr8-gnu-toolchain/bin/../lib/gcc/avr/5.4.0/avr5\libgcc.a(_divmodsi4.o)
                              csrc/mui_u8g2.o (__divmodsi4)
c:/program files (x86)/atmel/studio/7.0/toolchain/avr8/avr8-gnu-toolchain/bin/../lib/gcc/avr/5.4.0/avr5\libgcc.a(_negsi2.o)
                              c:/program files (x86)/atmel/studio/7.0/toolchain/avr8/avr8-gnu-toolchain/bin/../lib/gcc/avr/5.4.0/avr5\libgcc.a(_divmodsi4.o) (__negsi2)
c:/program files (x86)/atmel/studio/7.0/toolchain/avr8/avr8-gnu-toolchain/bin/../lib/gcc/avr/5.4.0/avr5\libgcc.a(_exit.o)
                              C:/Program Files (x86)/Atmel/Studio/7.0/Packs/atmel/ATmega_DFP/1.7.374/gcc/dev/atmega328pb/avr5/crtatmega328pb.o (exit)
[...]
Memory Configuration

Name             Origin             Length             Attributes
text             0x00000000         0x00008000         xr
data             0x00800100         0x00000800         rw !x
eeprom           0x00810000         0x00000400         rw !x
fuse             0x00820000         0x00000003         rw !x
lock             0x00830000         0x00000400         rw !x
signature        0x00840000         0x00000400         rw !x
user_signatures  0x00850000         0x00000400         rw !x
*default*        0x00000000         0xffffffff

Linker script and memory map

Address of section .data set to 0x800100
LOAD C:/Program Files (x86)/Atmel/Studio/7.0/Packs/atmel/ATmega_DFP/1.7.374/gcc/dev/atmega328pb/avr5/crtatmega328pb.o
LOAD csrc/mui.o
LOAD csrc/mui_u8g2.o
LOAD csrc/u8g2_bitmap.o
LOAD csrc/u8g2_box.o
LOAD csrc/u8g2_buffer.o
LOAD csrc/u8g2_button.o
LOAD csrc/u8g2_circle.o
LOAD csrc/u8g2_cleardisplay.o
LOAD csrc/u8g2_d_memory.o
LOAD csrc/u8g2_d_setup.o
LOAD csrc/u8g2_font.o
LOAD csrc/u8g2_fonts.o
LOAD csrc/u8g2_hvline.o
LOAD csrc/u8g2_input_value.o
LOAD csrc/u8g2_intersection.o
LOAD csrc/u8g2_kerning.o
LOAD csrc/u8g2_line.o
LOAD csrc/u8g2_ll_hvline.o
LOAD csrc/u8g2_message.o
LOAD csrc/u8g2_polygon.o
LOAD csrc/u8g2_selection_list.o
LOAD csrc/u8g2_setup.o
LOAD csrc/u8log.o
LOAD csrc/u8log_u8g2.o
LOAD csrc/u8log_u8x8.o
LOAD csrc/u8x8_8x8.o
LOAD csrc/u8x8_byte.o
LOAD csrc/u8x8_cad.o
LOAD csrc/u8x8_capture.o
LOAD csrc/u8x8_debounce.o
LOAD csrc/u8x8_display.o
LOAD csrc/u8x8_d_a2printer.o
LOAD csrc/u8x8_d_gp1247ai.o
LOAD csrc/u8x8_d_gp1287ai.o
LOAD csrc/u8x8_d_gu800.o
LOAD csrc/u8x8_d_hd44102.o
LOAD csrc/u8x8_d_il3820_296x128.o
LOAD csrc/u8x8_d_ist3020.o
LOAD csrc/u8x8_d_ist3088.o
LOAD csrc/u8x8_d_ist7920.o
LOAD csrc/u8x8_d_ks0108.o
LOAD csrc/u8x8_d_lc7981.o
LOAD csrc/u8x8_d_ld7032_60x32.o
LOAD csrc/u8x8_d_ls013b7dh03.o
LOAD csrc/u8x8_d_max7219.o
LOAD csrc/u8x8_d_pcd8544_84x48.o
LOAD csrc/u8x8_d_pcf8812.o
LOAD csrc/u8x8_d_pcf8814_hx1230.o
LOAD csrc/u8x8_d_s1d15300.o
LOAD csrc/u8x8_d_s1d15721.o
LOAD csrc/u8x8_d_s1d15e06.o
LOAD csrc/u8x8_d_sbn1661.o
LOAD csrc/u8x8_d_sed1330.o
LOAD csrc/u8x8_d_sh1106_64x32.o
LOAD csrc/u8x8_d_sh1106_72x40.o
LOAD csrc/u8x8_d_sh1107.o
LOAD csrc/u8x8_d_sh1108.o
LOAD csrc/u8x8_d_sh1122.o
LOAD csrc/u8x8_d_ssd1305.o
LOAD csrc/u8x8_d_ssd1306_128x32.o
LOAD csrc/u8x8_d_ssd1306_128x64_noname.o
LOAD csrc/u8x8_d_ssd1306_2040x16.o
LOAD csrc/u8x8_d_ssd1306_48x64.o
LOAD csrc/u8x8_d_ssd1306_64x32.o
LOAD csrc/u8x8_d_ssd1306_64x48.o
LOAD csrc/u8x8_d_ssd1306_72x40.o
LOAD csrc/u8x8_d_ssd1306_96x16.o
LOAD csrc/u8x8_d_ssd1306_96x40.o
LOAD csrc/u8x8_d_ssd1309.o
LOAD csrc/u8x8_d_ssd1316.o
LOAD csrc/u8x8_d_ssd1317.o
LOAD csrc/u8x8_d_ssd1318.o
LOAD csrc/u8x8_d_ssd1320.o
LOAD csrc/u8x8_d_ssd1322.o
LOAD csrc/u8x8_d_ssd1325.o
LOAD csrc/u8x8_d_ssd1326.o
LOAD csrc/u8x8_d_ssd1327.o
LOAD csrc/u8x8_d_ssd1329.o
LOAD csrc/u8x8_d_ssd1362.o
LOAD csrc/u8x8_d_ssd1606_172x72.o
LOAD csrc/u8x8_d_ssd1607_200x200.o
LOAD csrc/u8x8_d_st7511.o
LOAD csrc/u8x8_d_st75160.o
LOAD csrc/u8x8_d_st75256.o
LOAD csrc/u8x8_d_st7528.o
LOAD csrc/u8x8_d_st75320.o
LOAD csrc/u8x8_d_st7539.o
LOAD csrc/u8x8_d_st7565.o
LOAD csrc/u8x8_d_st7567.o
LOAD csrc/u8x8_d_st7571.o
LOAD csrc/u8x8_d_st7586s_erc240160.o
LOAD csrc/u8x8_d_st7586s_jlx384160.o
LOAD csrc/u8x8_d_st7586s_s028hn118a.o
LOAD csrc/u8x8_d_st7586s_ymc240160.o
LOAD csrc/u8x8_d_st7588.o
LOAD csrc/u8x8_d_st7920.o
LOAD csrc/u8x8_d_stdio.o
LOAD csrc/u8x8_d_t6963.o
LOAD csrc/u8x8_d_uc1601.o
LOAD csrc/u8x8_d_uc1604.o
LOAD csrc/u8x8_d_uc1608.o
LOAD csrc/u8x8_d_uc1609.o
LOAD csrc/u8x8_d_uc1610.o
LOAD csrc/u8x8_d_uc1611.o
LOAD csrc/u8x8_d_uc1617.o
LOAD csrc/u8x8_d_uc1638.o
LOAD csrc/u8x8_d_uc1701_dogs102.o
LOAD csrc/u8x8_d_uc1701_mini12864.o
LOAD csrc/u8x8_fonts.o
LOAD csrc/u8x8_gpio.o
LOAD csrc/u8x8_input_value.o
LOAD csrc/u8x8_message.o
LOAD csrc/u8x8_selection_list.o
LOAD csrc/u8x8_setup.o
LOAD csrc/u8x8_string.o
LOAD csrc/u8x8_u16toa.o
LOAD csrc/u8x8_u8toa.o
LOAD lib/adc_hal.o
LOAD lib/display_fn.o
LOAD lib/ds18S20.o
LOAD lib/gpio_driver.o
LOAD lib/rtc.o
LOAD lib/twi_hal.o
LOAD lib/uart_hal.o
LOAD main.o
START GROUP
LOAD c:/program files (x86)/atmel/studio/7.0/toolchain/avr8/avr8-gnu-toolchain/bin/../lib/gcc/avr/5.4.0/../../../../avr/lib/avr5\libm.a
LOAD c:/program files (x86)/atmel/studio/7.0/toolchain/avr8/avr8-gnu-toolchain/bin/../lib/gcc/avr/5.4.0/../../../../avr/lib/avr5\libprintf_flt.a
END GROUP
START GROUP
LOAD c:/program files (x86)/atmel/studio/7.0/toolchain/avr8/avr8-gnu-toolchain/bin/../lib/gcc/avr/5.4.0/avr5\libgcc.a
LOAD c:/program files (x86)/atmel/studio/7.0/toolchain/avr8/avr8-gnu-toolchain/bin/../lib/gcc/avr/5.4.0/../../../../avr/lib/avr5\libm.a
LOAD c:/program files (x86)/atmel/studio/7.0/toolchain/avr8/avr8-gnu-toolchain/bin/../lib/gcc/avr/5.4.0/../../../../avr/lib/avr5\libc.a
LOAD C:/Program Files (x86)/Atmel/Studio/7.0/Packs/atmel/ATmega_DFP/1.7.374/gcc/dev/atmega328pb/avr5\libatmega328pb.a
END GROUP
                [0x00000000]                __TEXT_REGION_ORIGIN__ = DEFINED (__TEXT_REGION_ORIGIN__)?__TEXT_REGION_ORIGIN__:0x0
                [0x00800100]                __DATA_REGION_ORIGIN__ = DEFINED (__DATA_REGION_ORIGIN__)?__DATA_REGION_ORIGIN__:0x800060
                [0x00008000]                __TEXT_REGION_LENGTH__ = DEFINED (__TEXT_REGION_LENGTH__)?__TEXT_REGION_LENGTH__:0x20000
                [0x00000800]                __DATA_REGION_LENGTH__ = DEFINED (__DATA_REGION_LENGTH__)?__DATA_REGION_LENGTH__:0xffa0
                [0x00000400]                __EEPROM_REGION_LENGTH__ = DEFINED (__EEPROM_REGION_LENGTH__)?__EEPROM_REGION_LENGTH__:0x10000
                [0x00000003]                __FUSE_REGION_LENGTH__ = DEFINED (__FUSE_REGION_LENGTH__)?__FUSE_REGION_LENGTH__:0x400
                0x00000400                __LOCK_REGION_LENGTH__ = DEFINED (__LOCK_REGION_LENGTH__)?__LOCK_REGION_LENGTH__:0x400
                0x00000400                __SIGNATURE_REGION_LENGTH__ = DEFINED (__SIGNATURE_REGION_LENGTH__)?__SIGNATURE_REGION_LENGTH__:0x400
                0x00000400                __USER_SIGNATURE_REGION_LENGTH__ = DEFINED (__USER_SIGNATURE_REGION_LENGTH__)?__USER_SIGNATURE_REGION_LENGTH__:0x400

.hash
 *(.hash)

.dynsym
 *(.dynsym)

.dynstr
 *(.dynstr)

.gnu.version
 *(.gnu.version)

.gnu.version_d
 *(.gnu.version_d)

.gnu.version_r
 *(.gnu.version_r)

.rel.init
 *(.rel.init)

.rela.init
 *(.rela.init)

.rel.text
 *(.rel.text)
 *(.rel.text.*)
 *(.rel.gnu.linkonce.t*)

.rela.text
 *(.rela.text)
 *(.rela.text.*)
 *(.rela.gnu.linkonce.t*)

.rel.fini
 *(.rel.fini)

.rela.fini
 *(.rela.fini)

.rel.rodata
 *(.rel.rodata)
 *(.rel.rodata.*)
 *(.rel.gnu.linkonce.r*)

.rela.rodata
 *(.rela.rodata)
 *(.rela.rodata.*)
 *(.rela.gnu.linkonce.r*)

.rel.data
 *(.rel.data)
 *(.rel.data.*)
 *(.rel.gnu.linkonce.d*)

.rela.data
 *(.rela.data)
 *(.rela.data.*)
 *(.rela.gnu.linkonce.d*)

.rel.ctors
 *(.rel.ctors)

.rela.ctors
 *(.rela.ctors)

.rel.dtors
 *(.rel.dtors)

.rela.dtors
 *(.rela.dtors)

.rel.got
 *(.rel.got)

.rela.got
 *(.rela.got)

.rel.bss
 *(.rel.bss)

.rela.bss
 *(.rela.bss)

.rel.plt
 *(.rel.plt)

.rela.plt
 *(.rela.plt)

.text           0x00000000     0x6e30
 *(.vectors)
 .vectors       0x00000000       0xb4 C:/Program Files (x86)/Atmel/Studio/7.0/Packs/atmel/ATmega_DFP/1.7.374/gcc/dev/atmega328pb/avr5/crtatmega328pb.o
                0x00000000                __vectors
                0x00000000                __vector_default
 *(.vectors)
 *(.progmem.gcc*)
                0x000000b4                . = ALIGN (0x2)
                0x000000b4                __trampolines_start = .
 *(.trampolines)
 .trampolines   0x000000b4        0x0 linker stubs
 *(.trampolines*)
                0x000000b4                __trampolines_end = .
 *libprintf_flt.a:*(.progmem.data)
 .progmem.data  0x000000b4        0x8 c:/program files (x86)/atmel/studio/7.0/toolchain/avr8/avr8-gnu-toolchain/bin/../lib/gcc/avr/5.4.0/../../../../avr/lib/avr5\libprintf_flt.a(vfprintf_flt.o)
 *libc.a:*(.progmem.data)
 .progmem.data  0x000000bc       0xfa c:/program files (x86)/atmel/studio/7.0/toolchain/avr8/avr8-gnu-toolchain/bin/../lib/gcc/avr/5.4.0/../../../../avr/lib/avr5\libc.a(ftoa_engine.o)
 *(.progmem*)
 .progmem.u8g2_font_spleen32x64_mf
                0x000001b6     0x34d5 csrc/u8g2_fonts.o
                0x000001b6                u8g2_font_spleen32x64_mf
 .progmem.u8g2_font_6x10_mf
                0x0000368b      0x959 csrc/u8g2_fonts.o
                0x0000368b                u8g2_font_6x10_mf
                0x00003fe4                . = ALIGN (0x2)
 *(.jumptables)
 *(.jumptables*)
 *(.lowtext)
 *(.lowtext*)
                0x00003fe4                __ctors_start = .
 *(.ctors)
                0x00003fe4                __ctors_end = .
                0x00003fe4                __dtors_start = .
 *(.dtors)
                0x00003fe4                __dtors_end = .
 SORT(*)(.ctors)
 SORT(*)(.dtors)
 *(.init0)
 .init0         0x00003fe4        0x0 C:/Program Files (x86)/Atmel/Studio/7.0/Packs/atmel/ATmega_DFP/1.7.374/gcc/dev/atmega328pb/avr5/crtatmega328pb.o
                0x00003fe4                __init
 *(.init0)
 *(.init1)
 *(.init1)
 *(.init2)
 .init2         0x00003fe4        0xc C:/Program Files (x86)/Atmel/Studio/7.0/Packs/atmel/ATmega_DFP/1.7.374/gcc/dev/atmega328pb/avr5/crtatmega328pb.o
 *(.init2)
 *(.init3)
 *(.init3)
 *(.init4)
 .init4         0x00003ff0       0x16 c:/program files (x86)/atmel/studio/7.0/toolchain/avr8/avr8-gnu-toolchain/bin/../lib/gcc/avr/5.4.0/avr5\libgcc.a(_copy_data.o)
                0x00003ff0                __do_copy_data
 .init4         0x00004006       0x10 c:/program files (x86)/atmel/studio/7.0/toolchain/avr8/avr8-gnu-toolchain/bin/../lib/gcc/avr/5.4.0/avr5\libgcc.a(_clear_bss.o)
                0x00004006                __do_clear_bss
 *(.init4)
 *(.init5)
 *(.init5)
 *(.init6)
 *(.init6)
 *(.init7)
 *(.init7)
 *(.init8)
 *(.init8)
 *(.init9)
 .init9         0x00004016        0x8 C:/Program Files (x86)/Atmel/Studio/7.0/Packs/atmel/ATmega_DFP/1.7.374/gcc/dev/atmega328pb/avr5/crtatmega328pb.o
 *(.init9)
 *(.text)
 .text          0x0000401e        0x4 C:/Program Files (x86)/Atmel/Studio/7.0/Packs/atmel/ATmega_DFP/1.7.374/gcc/dev/atmega328pb/avr5/crtatmega328pb.o
                0x0000401e                __vector_30
                0x0000401e                __vector_31
                0x0000401e                __vector_38
                0x0000401e                __vector_37
                0x0000401e                __vector_36
                0x0000401e                __vector_33
                0x0000401e                __vector_32
                0x0000401e                __vector_39
                0x0000401e                __vector_35
                0x0000401e                __vector_34
                0x0000401e                __vector_22
                0x0000401e                __vector_29
                0x0000401e                __vector_28
                0x0000401e                __vector_27
                0x0000401e                __vector_24
                0x0000401e                __vector_23
                0x0000401e                __vector_25
                0x0000401e                __vector_26
                0x0000401e                __vector_12
                0x0000401e                __vector_13
                0x0000401e                __vector_10
                0x0000401e                __vector_19
                0x0000401e                __vector_11
                0x0000401e                __vector_3
                0x0000401e                __vector_4
                0x0000401e                __vector_9
                0x0000401e                __vector_2
                0x0000401e                __vector_1
                0x0000401e                __vector_7
                0x0000401e                __vector_6
                0x0000401e                __vector_5
                0x0000401e                __vector_8
                0x0000401e                __vector_15
                0x0000401e                __vector_14
                0x0000401e                __vector_16
                0x0000401e                __vector_17
                0x0000401e                __bad_interrupt
                0x0000401e                __vector_41
                0x0000401e                __vector_42
                0x0000401e                __vector_44
                0x0000401e                __vector_43
                0x00004022                . = ALIGN (0x2)
 *(.text.*)
 .text.u8g2_send_tile_row
                0x00004022       0x38 csrc/u8g2_buffer.o
 .text.u8g2_send_buffer
                0x0000405a       0x48 csrc/u8g2_buffer.o
 .text.u8g2_ClearBuffer
                0x000040a2       0x2c csrc/u8g2_buffer.o
                0x000040a2                u8g2_ClearBuffer
 .text.u8g2_SendBuffer
                0x000040ce       0x16 csrc/u8g2_buffer.o
                0x000040ce                u8g2_SendBuffer
 .text.u8g2_m_16_8_f
                0x000040e4        0xc csrc/u8g2_d_memory.o
                0x000040e4                u8g2_m_16_8_f
 .text.u8g2_Setup_st7565_zolen_128x64_f
                0x000040f0       0x56 csrc/u8g2_d_setup.o
                0x000040f0                u8g2_Setup_st7565_zolen_128x64_f
 .text.u8g2_font_get_byte
                0x00004146        0xa csrc/u8g2_font.o
 .text.u8g2_font_get_word
                0x00004150       0x18 csrc/u8g2_font.o
 .text.u8g2_font_calc_vref_font
                0x00004168        0x6 csrc/u8g2_font.o
                0x00004168                u8g2_font_calc_vref_font
 .text.u8g2_read_font_info
                0x0000416e       0xe4 csrc/u8g2_font.o
                0x0000416e                u8g2_read_font_info
 .text.u8g2_font_decode_get_unsigned_bits
                0x00004252       0x60 csrc/u8g2_font.o
                0x00004252                u8g2_font_decode_get_unsigned_bits
 .text.u8g2_font_setup_decode
                0x000042b2       0x52 csrc/u8g2_font.o
 .text.u8g2_font_decode_get_signed_bits
                0x00004304       0x1e csrc/u8g2_font.o
                0x00004304                u8g2_font_decode_get_signed_bits
 .text.u8g2_add_vector_y
                0x00004322       0x34 csrc/u8g2_font.o
                0x00004322                u8g2_add_vector_y
 .text.u8g2_add_vector_x
                0x00004356       0x34 csrc/u8g2_font.o
                0x00004356                u8g2_add_vector_x
 .text.u8g2_font_decode_len
                0x0000438a       0xe2 csrc/u8g2_font.o
                0x0000438a                u8g2_font_decode_len
 .text.u8g2_font_decode_glyph
                0x0000446c      0x1c0 csrc/u8g2_font.o
                0x0000446c                u8g2_font_decode_glyph
 .text.u8g2_font_get_glyph_data
                0x0000462c       0xe4 csrc/u8g2_font.o
                0x0000462c                u8g2_font_get_glyph_data
 .text.u8g2_font_draw_glyph
                0x00004710       0x3a csrc/u8g2_font.o
 .text.u8g2_DrawGlyph
                0x0000474a       0xa4 csrc/u8g2_font.o
                0x0000474a                u8g2_DrawGlyph
 .text.u8g2_draw_string
                0x000047ee       0x9e csrc/u8g2_font.o
 .text.u8g2_DrawStr
                0x0000488c       0x14 csrc/u8g2_font.o
                0x0000488c                u8g2_DrawStr
 .text.u8g2_UpdateRefHeight
                0x000048a0       0x88 csrc/u8g2_font.o
                0x000048a0                u8g2_UpdateRefHeight
 .text.u8g2_SetFontPosBaseline
                0x00004928       0x10 csrc/u8g2_font.o
                0x00004928                u8g2_SetFontPosBaseline
 .text.u8g2_SetFont
                0x00004938       0x2e csrc/u8g2_font.o
                0x00004938                u8g2_SetFont
 .text.u8g2_clip_intersection2
                0x00004966       0x64 csrc/u8g2_hvline.o
 .text.u8g2_draw_hv_line_2dir
                0x000049ca       0x1e csrc/u8g2_hvline.o
                0x000049ca                u8g2_draw_hv_line_2dir
 .text.u8g2_DrawHVLine
                0x000049e8      0x132 csrc/u8g2_hvline.o
                0x000049e8                u8g2_DrawHVLine
 .text.u8g2_is_intersection_decision_tree
                0x00004b1a       0x36 csrc/u8g2_intersection.o
                0x00004b1a                u8g2_is_intersection_decision_tree
 .text.u8g2_IsIntersection
                0x00004b50       0x4a csrc/u8g2_intersection.o
                0x00004b50                u8g2_IsIntersection
 .text.u8g2_ll_hvline_vertical_top_lsb
                0x00004b9a       0xc0 csrc/u8g2_ll_hvline.o
                0x00004b9a                u8g2_ll_hvline_vertical_top_lsb
 .text.u8g2_update_dimension_common
                0x00004c5a       0xa0 csrc/u8g2_setup.o
 .text.u8g2_update_dimension_r0
                0x00004cfa        0x6 csrc/u8g2_setup.o
                0x00004cfa                u8g2_update_dimension_r0
 .text.u8g2_apply_clip_window
                0x00004d00       0x9a csrc/u8g2_setup.o
 .text.u8g2_update_page_win_r0
                0x00004d9a       0x26 csrc/u8g2_setup.o
                0x00004d9a                u8g2_update_page_win_r0
 .text.u8g2_draw_mirror_vertical_r0
                0x00004dc0       0x28 csrc/u8g2_setup.o
                0x00004dc0                u8g2_draw_mirror_vertical_r0
 .text.u8g2_SetMaxClipWindow
                0x00004de8       0x38 csrc/u8g2_setup.o
                0x00004de8                u8g2_SetMaxClipWindow
 .text.u8g2_SetupBuffer
                0x00004e20       0x60 csrc/u8g2_setup.o
                0x00004e20                u8g2_SetupBuffer
 .text.u8x8_ascii_next
                0x00004e80       0x1a csrc/u8x8_8x8.o
                0x00004e80                u8x8_ascii_next
 .text.u8x8_utf8_init
                0x00004e9a        0x6 csrc/u8x8_8x8.o
                0x00004e9a                u8x8_utf8_init
 .text.u8x8_byte_SetDC
                0x00004ea0       0x16 csrc/u8x8_byte.o
                0x00004ea0                u8x8_byte_SetDC
 .text.u8x8_byte_SendBytes
                0x00004eb6       0x14 csrc/u8x8_byte.o
                0x00004eb6                u8x8_byte_SendBytes
 .text.u8x8_byte_SendByte
                0x00004eca       0x20 csrc/u8x8_byte.o
                0x00004eca                u8x8_byte_SendByte
 .text.u8x8_byte_4wire_sw_spi
                0x00004eea       0xf0 csrc/u8x8_byte.o
                0x00004eea                u8x8_byte_4wire_sw_spi
 .text.u8x8_cad_SendCmd
                0x00004fda       0x16 csrc/u8x8_cad.o
                0x00004fda                u8x8_cad_SendCmd
 .text.u8x8_cad_SendArg
                0x00004ff0       0x16 csrc/u8x8_cad.o
                0x00004ff0                u8x8_cad_SendArg
 .text.u8x8_cad_SendData
                0x00005006       0x14 csrc/u8x8_cad.o
                0x00005006                u8x8_cad_SendData
 .text.u8x8_cad_StartTransfer
                0x0000501a       0x16 csrc/u8x8_cad.o
                0x0000501a                u8x8_cad_StartTransfer
 .text.u8x8_cad_EndTransfer
                0x00005030       0x16 csrc/u8x8_cad.o
                0x00005030                u8x8_cad_EndTransfer
 .text.u8x8_cad_SendSequence
                0x00005046       0x9e csrc/u8x8_cad.o
                0x00005046                u8x8_cad_SendSequence
 .text.u8x8_cad_001
                0x000050e4       0x7e csrc/u8x8_cad.o
                0x000050e4                u8x8_cad_001
 .text.u8x8_d_helper_display_setup_memory
                0x00005162       0x10 csrc/u8x8_display.o
                0x00005162                u8x8_d_helper_display_setup_memory
 .text.u8x8_d_helper_display_init
                0x00005172       0x72 csrc/u8x8_display.o
                0x00005172                u8x8_d_helper_display_init
 .text.u8x8_DrawTile
                0x000051e4       0x46 csrc/u8x8_display.o
                0x000051e4                u8x8_DrawTile
 .text.u8x8_SetupMemory
                0x0000522a       0x16 csrc/u8x8_display.o
                0x0000522a                u8x8_SetupMemory
 .text.u8x8_InitDisplay
                0x00005240       0x16 csrc/u8x8_display.o
                0x00005240                u8x8_InitDisplay
 .text.u8x8_SetPowerSave
                0x00005256       0x16 csrc/u8x8_display.o
                0x00005256                u8x8_SetPowerSave
 .text.u8x8_SetFlipMode
                0x0000526c       0x16 csrc/u8x8_display.o
                0x0000526c                u8x8_SetFlipMode
 .text.u8x8_SetContrast
                0x00005282       0x16 csrc/u8x8_display.o
                0x00005282                u8x8_SetContrast
 .text.u8x8_RefreshDisplay
                0x00005298       0x16 csrc/u8x8_display.o
                0x00005298                u8x8_RefreshDisplay
 .text.u8x8_d_st7565_common
                0x000052ae       0xe6 csrc/u8x8_d_st7565.o
                0x000052ae                u8x8_d_st7565_common
 .text.u8x8_d_st7565_zolen_128x64
                0x00005394       0x8c csrc/u8x8_d_st7565.o
                0x00005394                u8x8_d_st7565_zolen_128x64
 .text.u8x8_gpio_call
                0x00005420       0x12 csrc/u8x8_gpio.o
                0x00005420                u8x8_gpio_call
 .text.u8x8_dummy_cb
                0x00005432        0x4 csrc/u8x8_setup.o
                0x00005432                u8x8_dummy_cb
 .text.u8x8_SetupDefaults
                0x00005436       0x2e csrc/u8x8_setup.o
                0x00005436                u8x8_SetupDefaults
 .text.u8x8_Setup
                0x00005464       0x4c csrc/u8x8_setup.o
                0x00005464                u8x8_Setup
 .text.__vector_21
                0x000054b0       0x1e lib/adc_hal.o
                0x000054b0                __vector_21
 .text.u8x8_avr_gpio_and_delay
                0x000054ce       0xa6 lib/display_fn.o
                0x000054ce                u8x8_avr_gpio_and_delay
 .text.OWReset  0x00005574       0x76 lib/ds18S20.o
                0x00005574                OWReset
 .text.OWWriteBit
                0x000055ea       0x74 lib/ds18S20.o
                0x000055ea                OWWriteBit
 .text.OWReadBit
                0x0000565e       0x74 lib/ds18S20.o
                0x0000565e                OWReadBit
 .text.OWWriteByte
                0x000056d2       0x2a lib/ds18S20.o
                0x000056d2                OWWriteByte
 .text.OWReadByte
                0x000056fc       0x2c lib/ds18S20.o
                0x000056fc                OWReadByte
 .text.OWCheckCRC
                0x00005728       0x28 lib/ds18S20.o
                0x00005728                OWCheckCRC
 .text.DS18x20_ReadROM
                0x00005750       0x52 lib/ds18S20.o
                0x00005750                DS18x20_ReadROM
 .text.DS18x20_Init
                0x000057a2       0x86 lib/ds18S20.o
                0x000057a2                DS18x20_Init
 .text.DS18x20_ReadScratchPad
                0x00005828       0x60 lib/ds18S20.o
                0x00005828                DS18x20_ReadScratchPad
 .text.DS18x20_MeasureTemperature
                0x00005888       0x82 lib/ds18S20.o
                0x00005888                DS18x20_MeasureTemperature
 .text.DS18x20_SetResolution
                0x0000590a        0xc lib/ds18S20.o
                0x0000590a                DS18x20_SetResolution
 .text.DS18x20_WriteScratchpad
                0x00005916       0x3e lib/ds18S20.o
                0x00005916                DS18x20_WriteScratchpad
 .text.DS18x20_TemperatureValue
                0x00005954      0x142 lib/ds18S20.o
                0x00005954                DS18x20_TemperatureValue
 .text.set_pin_level
                0x00005a96       0x52 lib/gpio_driver.o
                0x00005a96                set_pin_level
 .text.set_pin_dir
                0x00005ae8       0x84 lib/gpio_driver.o
                0x00005ae8                set_pin_dir
 .text.__vector_40
                0x00005b6c       0x22 lib/twi_hal.o
                0x00005b6c                __vector_40
 .text.serial_complete
                0x00005b8e        0x6 lib/uart_hal.o
                0x00005b8e                serial_complete
 .text.serial_read_data
                0x00005b94       0x12 lib/uart_hal.o
                0x00005b94                serial_read_data
 .text.__vector_18
                0x00005ba6       0x6e lib/uart_hal.o
                0x00005ba6                __vector_18
 .text.__vector_20
                0x00005c14       0x1e lib/uart_hal.o
                0x00005c14                __vector_20
 .text.uart_init
                0x00005c32       0x68 lib/uart_hal.o
                0x00005c32                uart_init
 .text.uart_send_byte
                0x00005c9a       0x12 lib/uart_hal.o
                0x00005c9a                uart_send_byte
 .text.parseString
                0x00005cac       0x10 lib/uart_hal.o
                0x00005cac                parseString
 .text.main     0x00005cbc      0x30a main.o
                0x00005cbc                main
 .text.avr-libc.fplib
                0x00005fc6       0x5e c:/program files (x86)/atmel/studio/7.0/toolchain/avr8/avr8-gnu-toolchain/bin/../lib/gcc/avr/5.4.0/../../../../avr/lib/avr5\libm.a(fixunssfsi.o)
                0x00005fc6                __fixunssfsi
 .text.avr-libc.fplib
                0x00006024       0x7a c:/program files (x86)/atmel/studio/7.0/toolchain/avr8/avr8-gnu-toolchain/bin/../lib/gcc/avr/5.4.0/../../../../avr/lib/avr5\libm.a(floatsisf.o)
                0x00006024                __floatunsisf
                0x00006028                __floatsisf
 .text.avr-libc.fplib
                0x0000609e       0x44 c:/program files (x86)/atmel/studio/7.0/toolchain/avr8/avr8-gnu-toolchain/bin/../lib/gcc/avr/5.4.0/../../../../avr/lib/avr5\libm.a(fp_split3.o)
                0x0000609e                __fp_split3
                0x000060ae                __fp_splitA
 .text.avr-libc.fplib
                0x000060e2        0xe c:/program files (x86)/atmel/studio/7.0/toolchain/avr8/avr8-gnu-toolchain/bin/../lib/gcc/avr/5.4.0/../../../../avr/lib/avr5\libm.a(fp_zero.o)
                0x000060e2                __fp_zero
                0x000060e4                __fp_szero
 .text.avr-libc.fplib
                0x000060f0        0x8 c:/program files (x86)/atmel/studio/7.0/toolchain/avr8/avr8-gnu-toolchain/bin/../lib/gcc/avr/5.4.0/../../../../avr/lib/avr5\libm.a(mulsf3.o)
                0x000060f0                __mulsf3
 .text.avr-libc.fplib
                0x000060f8       0xd2 c:/program files (x86)/atmel/studio/7.0/toolchain/avr8/avr8-gnu-toolchain/bin/../lib/gcc/avr/5.4.0/../../../../avr/lib/avr5\libm.a(mulsf3x.o)
                0x00006116                __mulsf3x
                0x0000611c                __mulsf3_pse
 .text.avr-libc.fplib
                0x000061ca        0xc c:/program files (x86)/atmel/studio/7.0/toolchain/avr8/avr8-gnu-toolchain/bin/../lib/gcc/avr/5.4.0/../../../../avr/lib/avr5\libm.a(fp_inf.o)
                0x000061ca                __fp_inf
 .text.avr-libc.fplib
                0x000061d6        0x6 c:/program files (x86)/atmel/studio/7.0/toolchain/avr8/avr8-gnu-toolchain/bin/../lib/gcc/avr/5.4.0/../../../../avr/lib/avr5\libm.a(fp_nan.o)
                0x000061d6                __fp_nan
 .text.avr-libc.fplib
                0x000061dc        0xe c:/program files (x86)/atmel/studio/7.0/toolchain/avr8/avr8-gnu-toolchain/bin/../lib/gcc/avr/5.4.0/../../../../avr/lib/avr5\libm.a(fp_pscA.o)
                0x000061dc                __fp_pscA
 .text.avr-libc.fplib
                0x000061ea        0xe c:/program files (x86)/atmel/studio/7.0/toolchain/avr8/avr8-gnu-toolchain/bin/../lib/gcc/avr/5.4.0/../../../../avr/lib/avr5\libm.a(fp_pscB.o)
                0x000061ea                __fp_pscB
 .text.avr-libc.fplib
                0x000061f8       0x22 c:/program files (x86)/atmel/studio/7.0/toolchain/avr8/avr8-gnu-toolchain/bin/../lib/gcc/avr/5.4.0/../../../../avr/lib/avr5\libm.a(fp_round.o)
                0x000061f8                __fp_round
 .text.avr-libc
                0x0000621a      0x6fa c:/program files (x86)/atmel/studio/7.0/toolchain/avr8/avr8-gnu-toolchain/bin/../lib/gcc/avr/5.4.0/../../../../avr/lib/avr5\libprintf_flt.a(vfprintf_flt.o)
                0x0000621a                vfprintf
 .text.libgcc.div
                0x00006914       0x44 c:/program files (x86)/atmel/studio/7.0/toolchain/avr8/avr8-gnu-toolchain/bin/../lib/gcc/avr/5.4.0/avr5\libgcc.a(_udivmodsi4.o)
                0x00006914                __udivmodsi4
 .text.libgcc.mul
                0x00006958       0x1e c:/program files (x86)/atmel/studio/7.0/toolchain/avr8/avr8-gnu-toolchain/bin/../lib/gcc/avr/5.4.0/avr5\libgcc.a(_umulhisi3.o)
                0x00006958                __umulhisi3
 .text.libgcc.mul
                0x00006976       0x16 c:/program files (x86)/atmel/studio/7.0/toolchain/avr8/avr8-gnu-toolchain/bin/../lib/gcc/avr/5.4.0/avr5\libgcc.a(_muluhisi3.o)
                0x00006976                __muluhisi3
 .text.libgcc.prologue
                0x0000698c       0x38 c:/program files (x86)/atmel/studio/7.0/toolchain/avr8/avr8-gnu-toolchain/bin/../lib/gcc/avr/5.4.0/avr5\libgcc.a(_prologue.o)
                0x0000698c                __prologue_saves__
 .text.libgcc.prologue
                0x000069c4       0x36 c:/program files (x86)/atmel/studio/7.0/toolchain/avr8/avr8-gnu-toolchain/bin/../lib/gcc/avr/5.4.0/avr5\libgcc.a(_epilogue.o)
                0x000069c4                __epilogue_restores__
 .text.avr-libc
                0x000069fa       0x3c c:/program files (x86)/atmel/studio/7.0/toolchain/avr8/avr8-gnu-toolchain/bin/../lib/gcc/avr/5.4.0/../../../../avr/lib/avr5\libc.a(atoi.o)
                0x000069fa                atoi
 .text.avr-libc
                0x00006a36      0x1b0 c:/program files (x86)/atmel/studio/7.0/toolchain/avr8/avr8-gnu-toolchain/bin/../lib/gcc/avr/5.4.0/../../../../avr/lib/avr5\libc.a(ftoa_engine.o)
                0x00006a36                __ftoa_engine
 .text.avr-libc
                0x00006be6       0x16 c:/program files (x86)/atmel/studio/7.0/toolchain/avr8/avr8-gnu-toolchain/bin/../lib/gcc/avr/5.4.0/../../../../avr/lib/avr5\libc.a(strnlen_P.o)
                0x00006be6                strnlen_P
 .text.avr-libc
                0x00006bfc        0xa c:/program files (x86)/atmel/studio/7.0/toolchain/avr8/avr8-gnu-toolchain/bin/../lib/gcc/avr/5.4.0/../../../../avr/lib/avr5\libc.a(strtok.o)
                0x00006bfc                strtok
 .text.avr-libc
                0x00006c06        0xe c:/program files (x86)/atmel/studio/7.0/toolchain/avr8/avr8-gnu-toolchain/bin/../lib/gcc/avr/5.4.0/../../../../avr/lib/avr5\libc.a(memset.o)
                0x00006c06                memset
 .text.avr-libc
                0x00006c14       0x16 c:/program files (x86)/atmel/studio/7.0/toolchain/avr8/avr8-gnu-toolchain/bin/../lib/gcc/avr/5.4.0/../../../../avr/lib/avr5\libc.a(strnlen.o)
                0x00006c14                strnlen
 .text.avr-libc
                0x00006c2a       0x4e c:/program files (x86)/atmel/studio/7.0/toolchain/avr8/avr8-gnu-toolchain/bin/../lib/gcc/avr/5.4.0/../../../../avr/lib/avr5\libc.a(strtok_r.o)
                0x00006c2a                strtok_r
 .text.avr-libc
                0x00006c78       0x10 c:/program files (x86)/atmel/studio/7.0/toolchain/avr8/avr8-gnu-toolchain/bin/../lib/gcc/avr/5.4.0/../../../../avr/lib/avr5\libc.a(mul10.o)
                0x00006c78                __mulhi_const_10
 .text.avr-libc
                0x00006c88       0x78 c:/program files (x86)/atmel/studio/7.0/toolchain/avr8/avr8-gnu-toolchain/bin/../lib/gcc/avr/5.4.0/../../../../avr/lib/avr5\libc.a(fputc.o)
                0x00006c88                fputc
 .text.avr-libc
                0x00006d00       0x2c c:/program files (x86)/atmel/studio/7.0/toolchain/avr8/avr8-gnu-toolchain/bin/../lib/gcc/avr/5.4.0/../../../../avr/lib/avr5\libc.a(printf.o)
                0x00006d00                printf
 .text.avr-libc
                0x00006d2c       0x44 c:/program files (x86)/atmel/studio/7.0/toolchain/avr8/avr8-gnu-toolchain/bin/../lib/gcc/avr/5.4.0/../../../../avr/lib/avr5\libc.a(sprintf.o)
                0x00006d2c                sprintf
 .text.avr-libc
                0x00006d70       0xbc c:/program files (x86)/atmel/studio/7.0/toolchain/avr8/avr8-gnu-toolchain/bin/../lib/gcc/avr/5.4.0/../../../../avr/lib/avr5\libc.a(ultoa_invert.o)
                0x00006d70                __ultoa_invert
                0x00006e2c                . = ALIGN (0x2)
 *(.fini9)
 .fini9         0x00006e2c        0x0 c:/program files (x86)/atmel/studio/7.0/toolchain/avr8/avr8-gnu-toolchain/bin/../lib/gcc/avr/5.4.0/avr5\libgcc.a(_exit.o)
                0x00006e2c                exit
                0x00006e2c                _exit
 *(.fini9)
 *(.fini8)
 *(.fini8)
 *(.fini7)
 *(.fini7)
 *(.fini6)
 *(.fini6)
 *(.fini5)
 *(.fini5)
 *(.fini4)
 *(.fini4)
 *(.fini3)
 *(.fini3)
 *(.fini2)
 *(.fini2)
 *(.fini1)
 *(.fini1)
 *(.fini0)
 .fini0         0x00006e2c        0x4 c:/program files (x86)/atmel/studio/7.0/toolchain/avr8/avr8-gnu-toolchain/bin/../lib/gcc/avr/5.4.0/avr5\libgcc.a(_exit.o)
 *(.fini0)
                0x00006e30                _etext = .

.data           0x00800100      0x12c load address 0x00006e30
                0x00800100                PROVIDE (__data_start, .)
 *(.data)
 *(.data*)
 .data.adc_convert_done
                0x00800100        0x1 lib/adc_hal.o
 .data.status   0x00800101        0x1 lib/twi_hal.o
                0x00800101                status
 .data.read_complete
                0x00800102        0x1 lib/uart_hal.o
                0x00800102                read_complete
 .data.uart_tx_busy
                0x00800103        0x1 lib/uart_hal.o
 .data.mystdout
                0x00800104        0xe main.o
 .data.RF_mode  0x00800112        0x3 main.o
                0x00800112                RF_mode
 .data.lcd_blk  0x00800115        0x3 main.o
                0x00800115                lcd_blk
 *(.gnu.linkonce.d*)
 *(.rodata)
 .rodata        0x00800118       0x40 main.o
 *(.rodata*)
 .rodata.u8g2_cb_mirror_vertical
                0x00800158        0x6 csrc/u8g2_setup.o
                0x00800158                u8g2_cb_mirror_vertical
 .rodata.u8x8_d_st7565_zolen_128x64_init_seq
                0x0080015e       0x21 csrc/u8x8_d_st7565.o
 .rodata.u8x8_st7565_128x64_display_info
                0x0080017f       0x18 csrc/u8x8_d_st7565.o
 .rodata.u8x8_d_st7565_zflip1_seq
                0x00800197        0x7 csrc/u8x8_d_st7565.o
 .rodata.u8x8_d_st7565_zflip0_seq
                0x0080019e        0x7 csrc/u8x8_d_st7565.o
 .rodata.u8x8_d_st7565_powersave1_seq
                0x008001a5        0x7 csrc/u8x8_d_st7565.o
 .rodata.u8x8_d_st7565_powersave0_seq
                0x008001ac        0x7 csrc/u8x8_d_st7565.o
 .rodata.str1.1
                0x008001b3        0x0 lib/uart_hal.o
                                  0x2 (size before relaxing)
 .rodata.str1.1
                0x008001b3       0x79 main.o
 *(.gnu.linkonce.r*)
                0x0080022c                . = ALIGN (0x2)
                0x0080022c                _edata = .
                0x0080022c                PROVIDE (__data_end, .)

.bss            0x0080022c      0x582
                0x0080022c                PROVIDE (__bss_start, .)
 *(.bss)
 .bss           0x0080022c        0x2 c:/program files (x86)/atmel/studio/7.0/toolchain/avr8/avr8-gnu-toolchain/bin/../lib/gcc/avr/5.4.0/../../../../avr/lib/avr5\libc.a(strtok.o)
 *(.bss*)
 .bss.buf.10720
                0x0080022e      0x400 csrc/u8g2_d_memory.o
 .bss.test_array
                0x0080062e       0x80 lib/uart_hal.o
                0x0080062e                test_array
 .bss.rx_count  0x008006ae        0x2 lib/uart_hal.o
 .bss.att       0x008006b0        0x2 main.o
                0x008006b0                att
 *(COMMON)
 COMMON         0x008006b2       0xf6 main.o
                0x008006b2                serial_buff
                0x00800732                u8g2
 COMMON         0x008007a8        0x6 c:/program files (x86)/atmel/studio/7.0/toolchain/avr8/avr8-gnu-toolchain/bin/../lib/gcc/avr/5.4.0/../../../../avr/lib/avr5\libc.a(iob.o)
                0x008007a8                __iob
                0x008007ae                PROVIDE (__bss_end, .)
                0x00006e30                __data_load_start = LOADADDR (.data)
                0x00006f5c                __data_load_end = (__data_load_start + SIZEOF (.data))

.noinit         0x008007ae        0x0
                [!provide]                PROVIDE (__noinit_start, .)
 *(.noinit*)
                [!provide]                PROVIDE (__noinit_end, .)
                0x008007ae                _end = .
                [!provide]                PROVIDE (__heap_start, .)

.eeprom         0x00810000        0x0
 *(.eeprom*)
                0x00810000                __eeprom_end = .

.fuse
 *(.fuse)
 *(.lfuse)
 *(.hfuse)
 *(.efuse)

.lock
 *(.lock*)

.signature
 *(.signature*)

.user_signatures
 *(.user_signatures*)

.stab
 *(.stab)

.stabstr
 *(.stabstr)

.stab.excl
 *(.stab.excl)

.stab.exclstr
 *(.stab.exclstr)

.stab.index
 *(.stab.index)

.stab.indexstr
 *(.stab.indexstr)

.comment        0x00000000       0x5c
 *(.comment)
 .comment       0x00000000       0x30 csrc/u8g2_buffer.o
                                 0x31 (size before relaxing)
 .comment       0x00000030       0x31 csrc/u8g2_d_memory.o
 .comment       0x00000030       0x31 csrc/u8g2_d_setup.o
 .comment       0x00000030       0x31 csrc/u8g2_font.o
 .comment       0x00000030       0x31 csrc/u8g2_fonts.o
 .comment       0x00000030       0x31 csrc/u8g2_hvline.o
 .comment       0x00000030       0x31 csrc/u8g2_intersection.o
 .comment       0x00000030       0x31 csrc/u8g2_ll_hvline.o
 .comment       0x00000030       0x31 csrc/u8g2_setup.o
 .comment       0x00000030       0x31 csrc/u8x8_8x8.o
 .comment       0x00000030       0x31 csrc/u8x8_byte.o
 .comment       0x00000030       0x31 csrc/u8x8_cad.o
 .comment       0x00000030       0x31 csrc/u8x8_display.o
 .comment       0x00000030       0x31 csrc/u8x8_d_st7565.o
 .comment       0x00000030       0x31 csrc/u8x8_gpio.o
 .comment       0x00000030       0x31 csrc/u8x8_setup.o
 .comment       0x00000030       0x31 lib/adc_hal.o
 .comment       0x00000030       0x31 lib/display_fn.o
 .comment       0x00000030       0x31 lib/ds18S20.o
 .comment       0x00000030       0x31 lib/gpio_driver.o
 .comment       0x00000030       0x31 lib/twi_hal.o
 .comment       0x00000030       0x31 lib/uart_hal.o
 .comment       0x00000030       0x31 main.o
 .comment       0x00000030       0x2c c:/program files (x86)/atmel/studio/7.0/toolchain/avr8/avr8-gnu-toolchain/bin/../lib/gcc/avr/5.4.0/../../../../avr/lib/avr5\libprintf_flt.a(vfprintf_flt.o)
                                 0x2d (size before relaxing)
 .comment       0x0000005c       0x31 c:/program files (x86)/atmel/studio/7.0/toolchain/avr8/avr8-gnu-toolchain/bin/../lib/gcc/avr/5.4.0/../../../../avr/lib/avr5\libc.a(strtok.o)
 .comment       0x0000005c       0x31 c:/program files (x86)/atmel/studio/7.0/toolchain/avr8/avr8-gnu-toolchain/bin/../lib/gcc/avr/5.4.0/../../../../avr/lib/avr5\libc.a(fputc.o)
 .comment       0x0000005c       0x31 c:/program files (x86)/atmel/studio/7.0/toolchain/avr8/avr8-gnu-toolchain/bin/../lib/gcc/avr/5.4.0/../../../../avr/lib/avr5\libc.a(iob.o)
 .comment       0x0000005c       0x31 c:/program files (x86)/atmel/studio/7.0/toolchain/avr8/avr8-gnu-toolchain/bin/../lib/gcc/avr/5.4.0/../../../../avr/lib/avr5\libc.a(printf.o)
 .comment       0x0000005c       0x31 c:/program files (x86)/atmel/studio/7.0/toolchain/avr8/avr8-gnu-toolchain/bin/../lib/gcc/avr/5.4.0/../../../../avr/lib/avr5\libc.a(sprintf.o)

.note.gnu.avr.deviceinfo
                0x00000000       0x40
 .note.gnu.avr.deviceinfo
                0x00000000       0x40 C:/Program Files (x86)/Atmel/Studio/7.0/Packs/atmel/ATmega_DFP/1.7.374/gcc/dev/atmega328pb/avr5/crtatmega328pb.o

.note.gnu.build-id
 *(.note.gnu.build-id)

.debug
 *(.debug)

.line
 *(.line)

.debug_srcinfo
 *(.debug_srcinfo)

.debug_sfnames
 *(.debug_sfnames)

.debug_aranges
 *(.debug_aranges)

.debug_pubnames
 *(.debug_pubnames)

.debug_info
 *(.debug_info .gnu.linkonce.wi.*)

.debug_abbrev
 *(.debug_abbrev)

.debug_line
 *(.debug_line .debug_line.* .debug_line_end)

.debug_frame
 *(.debug_frame)

.debug_str
 *(.debug_str)

.debug_loc
 *(.debug_loc)

.debug_macinfo
 *(.debug_macinfo)

.debug_weaknames
 *(.debug_weaknames)

.debug_funcnames
 *(.debug_funcnames)

.debug_typenames
 *(.debug_typenames)

.debug_varnames
 *(.debug_varnames)

.debug_pubtypes
 *(.debug_pubtypes)

.debug_ranges
 *(.debug_ranges)

.debug_macro
 *(.debug_macro)
OUTPUT(Wireles therometer_TX_unit.elf elf32-avr)
LOAD linker stubs
